
  error - Target of URI doesn't exist: '../../../providers/admin/admin_category_provider.dart' - 
lib\presentation\screens\admin\admin_categories_screen.dart:5:8 - uri_does_not_exist
  error - The name 'AdminCategoryProvider' isn't a type, so it can't be used as a type argument - 
lib\presentation\screens\admin\admin_categories_screen.dart:8:54 - non_type_as_type_argument
  error - The getter 'coverUrl' isn't defined for the type 'PhotoAlbum' - 
lib\presentation\screens\admin\admin_photo_album_form_screen.dart:28:52 - undefined_getter
  error - The named parameter 'isActive' is required, but there's no corresponding argument - 
lib\presentation\screens\admin\admin_photo_album_form_screen.dart:46:22 - missing_required_argument
  error - The named parameter 'sortOrder' is required, but there's no corresponding argument - 
lib\presentation\screens\admin\admin_photo_album_form_screen.dart:46:22 - missing_required_argument
  error - The named parameter 'updatedAt' is required, but there's no corresponding argument - 
lib\presentation\screens\admin\admin_photo_album_form_screen.dart:46:22 - missing_required_argument
  error - The named parameter 'coverUrl' isn't defined - 
lib\presentation\screens\admin\admin_photo_album_form_screen.dart:50:7 - undefined_named_parameter
  error - Target of URI doesn't exist: '../../../providers/admin/admin_photo_album_provider.dart' - 
lib\presentation\screens\admin\admin_photo_albums_screen.dart:5:8 - uri_does_not_exist
  error - The name 'AdminPhotoAlbumProvider' isn't a type, so it can't be used as a type argument - 
lib\presentation\screens\admin\admin_photo_albums_screen.dart:7:56 - non_type_as_type_argument
  error - The named parameter 'isActive' is required, but there's no corresponding argument - 
lib\presentation\screens\admin\admin_photo_form_screen.dart:47:22 - missing_required_argument
  error - The named parameter 'sortOrder' is required, but there's no corresponding argument - 
lib\presentation\screens\admin\admin_photo_form_screen.dart:47:22 - missing_required_argument
  error - The named parameter 'updatedAt' is required, but there's no corresponding argument - 
lib\presentation\screens\admin\admin_photo_form_screen.dart:47:22 - missing_required_argument
  error - Target of URI doesn't exist: '../../../providers/admin/admin_photo_provider.dart' - 
lib\presentation\screens\admin\admin_photos_screen.dart:5:8 - uri_does_not_exist
  error - The name 'AdminPhotoProvider' isn't a type, so it can't be used as a type argument - 
lib\presentation\screens\admin\admin_photos_screen.dart:8:51 - non_type_as_type_argument
  error - The getter 'nameAr' isn't defined for the type 'Tag' - 
lib\presentation\screens\admin\admin_tag_form_screen.dart:24:50 - undefined_getter
  error - The getter 'nameEn' isn't defined for the type 'Tag' - 
lib\presentation\screens\admin\admin_tag_form_screen.dart:25:50 - undefined_getter
  error - The named parameter 'nameAr' isn't defined - lib\presentation\screens\admin\admin_tag_form_screen.dart:43:7 
- undefined_named_parameter
  error - The named parameter 'nameEn' isn't defined - lib\presentation\screens\admin\admin_tag_form_screen.dart:44:7 
- undefined_named_parameter
  error - The named parameter 'createdAt' isn't defined - 
lib\presentation\screens\admin\admin_tag_form_screen.dart:45:7 - undefined_named_parameter
  error - The getter 'createdAt' isn't defined for the type 'Tag' - 
lib\presentation\screens\admin\admin_tag_form_screen.dart:45:30 - undefined_getter
  error - Target of URI doesn't exist: '../../../providers/admin/admin_tag_provider.dart' - 
lib\presentation\screens\admin\admin_tags_screen.dart:5:8 - uri_does_not_exist
  error - The name 'AdminTagProvider' isn't a type, so it can't be used as a type argument - 
lib\presentation\screens\admin\admin_tags_screen.dart:7:49 - non_type_as_type_argument
  error - Target of URI doesn't exist: '../../../providers/admin/admin_track_provider.dart' - 
lib\presentation\screens\admin\admin_tracks_screen.dart:5:8 - uri_does_not_exist
  error - The name 'AdminTrackProvider' isn't a type, so it can't be used as a type argument - 
lib\presentation\screens\admin\admin_tracks_screen.dart:7:51 - non_type_as_type_argument
  error - The getter 'coverUrl' isn't defined for the type 'VideoAlbum' - 
lib\presentation\screens\admin\admin_video_album_form_screen.dart:28:52 - undefined_getter
  error - The named parameter 'isActive' is required, but there's no corresponding argument - 
lib\presentation\screens\admin\admin_video_album_form_screen.dart:46:22 - missing_required_argument
  error - The named parameter 'sortOrder' is required, but there's no corresponding argument - 
lib\presentation\screens\admin\admin_video_album_form_screen.dart:46:22 - missing_required_argument
  error - The named parameter 'updatedAt' is required, but there's no corresponding argument - 
lib\presentation\screens\admin\admin_video_album_form_screen.dart:46:22 - missing_required_argument
  error - The named parameter 'coverUrl' isn't defined - 
lib\presentation\screens\admin\admin_video_album_form_screen.dart:50:7 - undefined_named_parameter
  error - Target of URI doesn't exist: '../../../providers/admin/admin_video_album_provider.dart' - 
lib\presentation\screens\admin\admin_video_albums_screen.dart:5:8 - uri_does_not_exist
  error - The name 'AdminVideoAlbumProvider' isn't a type, so it can't be used as a type argument - 
lib\presentation\screens\admin\admin_video_albums_screen.dart:7:56 - non_type_as_type_argument
  error - The getter 'coverUrl' isn't defined for the type 'Video' - 
lib\presentation\screens\admin\admin_video_form_screen.dart:32:52 - undefined_getter
  error - The named parameter 'isActive' is required, but there's no corresponding argument - 
lib\presentation\screens\admin\admin_video_form_screen.dart:53:22 - missing_required_argument
  error - The named parameter 'sortOrder' is required, but there's no corresponding argument - 
lib\presentation\screens\admin\admin_video_form_screen.dart:53:22 - missing_required_argument
  error - The named parameter 'updatedAt' is required, but there's no corresponding argument - 
lib\presentation\screens\admin\admin_video_form_screen.dart:53:22 - missing_required_argument
  error - The named parameter 'coverUrl' isn't defined - 
lib\presentation\screens\admin\admin_video_form_screen.dart:59:7 - undefined_named_parameter
  error - Target of URI doesn't exist: '../../../providers/admin/admin_video_provider.dart' - 
lib\presentation\screens\admin\admin_videos_screen.dart:5:8 - uri_does_not_exist
  error - The name 'AdminVideoProvider' isn't a type, so it can't be used as a type argument - 
lib\presentation\screens\admin\admin_videos_screen.dart:8:51 - non_type_as_type_argument
warning - The declaration '_ErrorView' isn't referenced - lib\presentation\screens\home\home_view.dart:806:7 - 
unused_element
  error - Expected to find ']' - lib\presentation\screens\settings\settings_screen.dart:427:21 - expected_token
  error - Too many positional arguments: 0 expected, but 1 found - 
lib\presentation\screens\settings\settings_screen.dart:429:21 - extra_positional_arguments
  error - Expected to find ')' - lib\presentation\screens\settings\settings_screen.dart:430:19 - expected_token
   info - 'withOpacity' is deprecated and shouldn't be used. Use .withValues() to avoid precision loss - 
lib\presentation\widgets\common\error_handle_widget.dart:40:37 - deprecated_member_use


